Archive member included because of file (symbol)

/home/will/pebble-dev/PebbleSDK-3.0-beta12/Pebble/aplite/lib/libpebble.a(tmpl57WfEpebble.o)
                              src/pebble-breakout.c.22.o (animation_schedule)

Discarded input sections

 .text          0x0000000000000000        0x0 /home/will/pebble-dev/PebbleSDK-3.0-beta12/arm-cs-tools/bin/../lib/gcc/arm-none-eabi/4.7.2/thumb2/crti.o
 .bss           0x0000000000000000        0x0 /home/will/pebble-dev/PebbleSDK-3.0-beta12/arm-cs-tools/bin/../lib/gcc/arm-none-eabi/4.7.2/thumb2/crti.o
 .init          0x0000000000000000        0x4 /home/will/pebble-dev/PebbleSDK-3.0-beta12/arm-cs-tools/bin/../lib/gcc/arm-none-eabi/4.7.2/thumb2/crti.o
 .fini          0x0000000000000000        0x4 /home/will/pebble-dev/PebbleSDK-3.0-beta12/arm-cs-tools/bin/../lib/gcc/arm-none-eabi/4.7.2/thumb2/crti.o
 .text          0x0000000000000000       0xc8 /home/will/pebble-dev/PebbleSDK-3.0-beta12/arm-cs-tools/bin/../lib/gcc/arm-none-eabi/4.7.2/thumb2/crtbegin.o
 .bss           0x0000000000000000       0x1c /home/will/pebble-dev/PebbleSDK-3.0-beta12/arm-cs-tools/bin/../lib/gcc/arm-none-eabi/4.7.2/thumb2/crtbegin.o
 .init_array    0x0000000000000000        0x4 /home/will/pebble-dev/PebbleSDK-3.0-beta12/arm-cs-tools/bin/../lib/gcc/arm-none-eabi/4.7.2/thumb2/crtbegin.o
 .fini_array    0x0000000000000000        0x4 /home/will/pebble-dev/PebbleSDK-3.0-beta12/arm-cs-tools/bin/../lib/gcc/arm-none-eabi/4.7.2/thumb2/crtbegin.o
 .eh_frame      0x0000000000000000        0x0 /home/will/pebble-dev/PebbleSDK-3.0-beta12/arm-cs-tools/bin/../lib/gcc/arm-none-eabi/4.7.2/thumb2/crtbegin.o
 .jcr           0x0000000000000000        0x0 /home/will/pebble-dev/PebbleSDK-3.0-beta12/arm-cs-tools/bin/../lib/gcc/arm-none-eabi/4.7.2/thumb2/crtbegin.o
 .tm_clone_table
                0x0000000000000000        0x0 /home/will/pebble-dev/PebbleSDK-3.0-beta12/arm-cs-tools/bin/../lib/gcc/arm-none-eabi/4.7.2/thumb2/crtbegin.o
 .text          0x0000000000000000        0x0 src/pebble-breakout.c.22.o
 .bss           0x0000000000000000        0x0 src/pebble-breakout.c.22.o
 .text          0x0000000000000000        0x0 aplite/appinfo.auto.c.22.o
 .bss           0x0000000000000000        0x0 aplite/appinfo.auto.c.22.o
 .bss           0x0000000000000000        0x0 /home/will/pebble-dev/PebbleSDK-3.0-beta12/Pebble/aplite/lib/libpebble.a(tmpl57WfEpebble.o)
 .text.accel_data_service_subscribe__deprecated
                0x0000000000000000        0xc /home/will/pebble-dev/PebbleSDK-3.0-beta12/Pebble/aplite/lib/libpebble.a(tmpl57WfEpebble.o)
 .text.accel_data_service_unsubscribe
                0x0000000000000000        0xc /home/will/pebble-dev/PebbleSDK-3.0-beta12/Pebble/aplite/lib/libpebble.a(tmpl57WfEpebble.o)
 .text.accel_service_peek
                0x0000000000000000        0xc /home/will/pebble-dev/PebbleSDK-3.0-beta12/Pebble/aplite/lib/libpebble.a(tmpl57WfEpebble.o)
 .text.accel_service_set_samples_per_update
                0x0000000000000000        0xc /home/will/pebble-dev/PebbleSDK-3.0-beta12/Pebble/aplite/lib/libpebble.a(tmpl57WfEpebble.o)
 .text.accel_service_set_sampling_rate
                0x0000000000000000        0xc /home/will/pebble-dev/PebbleSDK-3.0-beta12/Pebble/aplite/lib/libpebble.a(tmpl57WfEpebble.o)
 .text.accel_tap_service_subscribe
                0x0000000000000000        0xc /home/will/pebble-dev/PebbleSDK-3.0-beta12/Pebble/aplite/lib/libpebble.a(tmpl57WfEpebble.o)
 .text.accel_tap_service_unsubscribe
                0x0000000000000000        0xc /home/will/pebble-dev/PebbleSDK-3.0-beta12/Pebble/aplite/lib/libpebble.a(tmpl57WfEpebble.o)
 .text.action_bar_layer_add_to_window
                0x0000000000000000        0xc /home/will/pebble-dev/PebbleSDK-3.0-beta12/Pebble/aplite/lib/libpebble.a(tmpl57WfEpebble.o)
 .text.action_bar_layer_clear_icon
                0x0000000000000000        0xc /home/will/pebble-dev/PebbleSDK-3.0-beta12/Pebble/aplite/lib/libpebble.a(tmpl57WfEpebble.o)
 .text.action_bar_layer_create
                0x0000000000000000        0xc /home/will/pebble-dev/PebbleSDK-3.0-beta12/Pebble/aplite/lib/libpebble.a(tmpl57WfEpebble.o)
 .text.action_bar_layer_destroy
                0x0000000000000000        0xc /home/will/pebble-dev/PebbleSDK-3.0-beta12/Pebble/aplite/lib/libpebble.a(tmpl57WfEpebble.o)
 .text.action_bar_layer_get_layer
                0x0000000000000000        0xc /home/will/pebble-dev/PebbleSDK-3.0-beta12/Pebble/aplite/lib/libpebble.a(tmpl57WfEpebble.o)
 .text.action_bar_layer_remove_from_window
                0x0000000000000000        0xc /home/will/pebble-dev/PebbleSDK-3.0-beta12/Pebble/aplite/lib/libpebble.a(tmpl57WfEpebble.o)
 .text.action_bar_layer_set_background_color
                0x0000000000000000        0xc /home/will/pebble-dev/PebbleSDK-3.0-beta12/Pebble/aplite/lib/libpebble.a(tmpl57WfEpebble.o)
 .text.action_bar_layer_set_click_config_provider
                0x0000000000000000        0xc /home/will/pebble-dev/PebbleSDK-3.0-beta12/Pebble/aplite/lib/libpebble.a(tmpl57WfEpebble.o)
 .text.action_bar_layer_set_context
                0x0000000000000000        0xc /home/will/pebble-dev/PebbleSDK-3.0-beta12/Pebble/aplite/lib/libpebble.a(tmpl57WfEpebble.o)
 .text.action_bar_layer_set_icon
                0x0000000000000000        0xc /home/will/pebble-dev/PebbleSDK-3.0-beta12/Pebble/aplite/lib/libpebble.a(tmpl57WfEpebble.o)
 .text.animation_create
                0x0000000000000000        0xc /home/will/pebble-dev/PebbleSDK-3.0-beta12/Pebble/aplite/lib/libpebble.a(tmpl57WfEpebble.o)
 .text.animation_destroy
                0x0000000000000000        0xc /home/will/pebble-dev/PebbleSDK-3.0-beta12/Pebble/aplite/lib/libpebble.a(tmpl57WfEpebble.o)
 .text.animation_get_context
                0x0000000000000000        0xc /home/will/pebble-dev/PebbleSDK-3.0-beta12/Pebble/aplite/lib/libpebble.a(tmpl57WfEpebble.o)
 .text.animation_is_scheduled
                0x0000000000000000        0xc /home/will/pebble-dev/PebbleSDK-3.0-beta12/Pebble/aplite/lib/libpebble.a(tmpl57WfEpebble.o)
 .text.animation_set_implementation
                0x0000000000000000        0xc /home/will/pebble-dev/PebbleSDK-3.0-beta12/Pebble/aplite/lib/libpebble.a(tmpl57WfEpebble.o)
 .text.animation_unschedule
                0x0000000000000000        0xc /home/will/pebble-dev/PebbleSDK-3.0-beta12/Pebble/aplite/lib/libpebble.a(tmpl57WfEpebble.o)
 .text.app_comm_get_sniff_interval
                0x0000000000000000        0xc /home/will/pebble-dev/PebbleSDK-3.0-beta12/Pebble/aplite/lib/libpebble.a(tmpl57WfEpebble.o)
 .text.app_comm_set_sniff_interval
                0x0000000000000000        0xc /home/will/pebble-dev/PebbleSDK-3.0-beta12/Pebble/aplite/lib/libpebble.a(tmpl57WfEpebble.o)
 .text.app_message_deregister_callbacks
                0x0000000000000000        0xc /home/will/pebble-dev/PebbleSDK-3.0-beta12/Pebble/aplite/lib/libpebble.a(tmpl57WfEpebble.o)
 .text.app_message_open
                0x0000000000000000        0xc /home/will/pebble-dev/PebbleSDK-3.0-beta12/Pebble/aplite/lib/libpebble.a(tmpl57WfEpebble.o)
 .text.app_sync_deinit
                0x0000000000000000        0xc /home/will/pebble-dev/PebbleSDK-3.0-beta12/Pebble/aplite/lib/libpebble.a(tmpl57WfEpebble.o)
 .text.app_sync_get
                0x0000000000000000        0xc /home/will/pebble-dev/PebbleSDK-3.0-beta12/Pebble/aplite/lib/libpebble.a(tmpl57WfEpebble.o)
 .text.app_sync_init
                0x0000000000000000        0xc /home/will/pebble-dev/PebbleSDK-3.0-beta12/Pebble/aplite/lib/libpebble.a(tmpl57WfEpebble.o)
 .text.app_sync_set
                0x0000000000000000        0xc /home/will/pebble-dev/PebbleSDK-3.0-beta12/Pebble/aplite/lib/libpebble.a(tmpl57WfEpebble.o)
 .text.app_timer_cancel
                0x0000000000000000        0xc /home/will/pebble-dev/PebbleSDK-3.0-beta12/Pebble/aplite/lib/libpebble.a(tmpl57WfEpebble.o)
 .text.app_timer_register
                0x0000000000000000        0xc /home/will/pebble-dev/PebbleSDK-3.0-beta12/Pebble/aplite/lib/libpebble.a(tmpl57WfEpebble.o)
 .text.app_timer_reschedule
                0x0000000000000000        0xc /home/will/pebble-dev/PebbleSDK-3.0-beta12/Pebble/aplite/lib/libpebble.a(tmpl57WfEpebble.o)
 .text.atan2_lookup
                0x0000000000000000        0xc /home/will/pebble-dev/PebbleSDK-3.0-beta12/Pebble/aplite/lib/libpebble.a(tmpl57WfEpebble.o)
 .text.atoi     0x0000000000000000        0xc /home/will/pebble-dev/PebbleSDK-3.0-beta12/Pebble/aplite/lib/libpebble.a(tmpl57WfEpebble.o)
 .text.atol     0x0000000000000000        0xc /home/will/pebble-dev/PebbleSDK-3.0-beta12/Pebble/aplite/lib/libpebble.a(tmpl57WfEpebble.o)
 .text.battery_state_service_peek
                0x0000000000000000        0xc /home/will/pebble-dev/PebbleSDK-3.0-beta12/Pebble/aplite/lib/libpebble.a(tmpl57WfEpebble.o)
 .text.battery_state_service_subscribe
                0x0000000000000000        0xc /home/will/pebble-dev/PebbleSDK-3.0-beta12/Pebble/aplite/lib/libpebble.a(tmpl57WfEpebble.o)
 .text.battery_state_service_unsubscribe
                0x0000000000000000        0xc /home/will/pebble-dev/PebbleSDK-3.0-beta12/Pebble/aplite/lib/libpebble.a(tmpl57WfEpebble.o)
 .text.bitmap_layer_create
                0x0000000000000000        0xc /home/will/pebble-dev/PebbleSDK-3.0-beta12/Pebble/aplite/lib/libpebble.a(tmpl57WfEpebble.o)
 .text.bitmap_layer_destroy
                0x0000000000000000        0xc /home/will/pebble-dev/PebbleSDK-3.0-beta12/Pebble/aplite/lib/libpebble.a(tmpl57WfEpebble.o)
 .text.bitmap_layer_get_layer
                0x0000000000000000        0xc /home/will/pebble-dev/PebbleSDK-3.0-beta12/Pebble/aplite/lib/libpebble.a(tmpl57WfEpebble.o)
 .text.bitmap_layer_set_alignment
                0x0000000000000000        0xc /home/will/pebble-dev/PebbleSDK-3.0-beta12/Pebble/aplite/lib/libpebble.a(tmpl57WfEpebble.o)
 .text.bitmap_layer_set_background_color
                0x0000000000000000        0xc /home/will/pebble-dev/PebbleSDK-3.0-beta12/Pebble/aplite/lib/libpebble.a(tmpl57WfEpebble.o)
 .text.bitmap_layer_set_bitmap
                0x0000000000000000        0xc /home/will/pebble-dev/PebbleSDK-3.0-beta12/Pebble/aplite/lib/libpebble.a(tmpl57WfEpebble.o)
 .text.bitmap_layer_set_compositing_mode
                0x0000000000000000        0xc /home/will/pebble-dev/PebbleSDK-3.0-beta12/Pebble/aplite/lib/libpebble.a(tmpl57WfEpebble.o)
 .text.bluetooth_connection_service_peek
                0x0000000000000000        0xc /home/will/pebble-dev/PebbleSDK-3.0-beta12/Pebble/aplite/lib/libpebble.a(tmpl57WfEpebble.o)
 .text.bluetooth_connection_service_subscribe
                0x0000000000000000        0xc /home/will/pebble-dev/PebbleSDK-3.0-beta12/Pebble/aplite/lib/libpebble.a(tmpl57WfEpebble.o)
 .text.bluetooth_connection_service_unsubscribe
                0x0000000000000000        0xc /home/will/pebble-dev/PebbleSDK-3.0-beta12/Pebble/aplite/lib/libpebble.a(tmpl57WfEpebble.o)
 .text.click_recognizer_get_button_id
                0x0000000000000000        0xc /home/will/pebble-dev/PebbleSDK-3.0-beta12/Pebble/aplite/lib/libpebble.a(tmpl57WfEpebble.o)
 .text.clock_copy_time_string
                0x0000000000000000        0xc /home/will/pebble-dev/PebbleSDK-3.0-beta12/Pebble/aplite/lib/libpebble.a(tmpl57WfEpebble.o)
 .text.clock_is_24h_style
                0x0000000000000000        0xc /home/will/pebble-dev/PebbleSDK-3.0-beta12/Pebble/aplite/lib/libpebble.a(tmpl57WfEpebble.o)
 .text.data_logging_create
                0x0000000000000000        0xc /home/will/pebble-dev/PebbleSDK-3.0-beta12/Pebble/aplite/lib/libpebble.a(tmpl57WfEpebble.o)
 .text.data_logging_finish
                0x0000000000000000        0xc /home/will/pebble-dev/PebbleSDK-3.0-beta12/Pebble/aplite/lib/libpebble.a(tmpl57WfEpebble.o)
 .text.data_logging_log
                0x0000000000000000        0xc /home/will/pebble-dev/PebbleSDK-3.0-beta12/Pebble/aplite/lib/libpebble.a(tmpl57WfEpebble.o)
 .text.dict_calc_buffer_size
                0x0000000000000000        0xc /home/will/pebble-dev/PebbleSDK-3.0-beta12/Pebble/aplite/lib/libpebble.a(tmpl57WfEpebble.o)
 .text.dict_calc_buffer_size_from_tuplets
                0x0000000000000000        0xc /home/will/pebble-dev/PebbleSDK-3.0-beta12/Pebble/aplite/lib/libpebble.a(tmpl57WfEpebble.o)
 .text.dict_find
                0x0000000000000000        0xc /home/will/pebble-dev/PebbleSDK-3.0-beta12/Pebble/aplite/lib/libpebble.a(tmpl57WfEpebble.o)
 .text.dict_merge
                0x0000000000000000        0xc /home/will/pebble-dev/PebbleSDK-3.0-beta12/Pebble/aplite/lib/libpebble.a(tmpl57WfEpebble.o)
 .text.dict_read_begin_from_buffer
                0x0000000000000000        0xc /home/will/pebble-dev/PebbleSDK-3.0-beta12/Pebble/aplite/lib/libpebble.a(tmpl57WfEpebble.o)
 .text.dict_read_first
                0x0000000000000000        0xc /home/will/pebble-dev/PebbleSDK-3.0-beta12/Pebble/aplite/lib/libpebble.a(tmpl57WfEpebble.o)
 .text.dict_read_next
                0x0000000000000000        0xc /home/will/pebble-dev/PebbleSDK-3.0-beta12/Pebble/aplite/lib/libpebble.a(tmpl57WfEpebble.o)
 .text.dict_serialize_tuplets
                0x0000000000000000        0xc /home/will/pebble-dev/PebbleSDK-3.0-beta12/Pebble/aplite/lib/libpebble.a(tmpl57WfEpebble.o)
 .text.dict_serialize_tuplets_to_buffer__deprecated
                0x0000000000000000        0xc /home/will/pebble-dev/PebbleSDK-3.0-beta12/Pebble/aplite/lib/libpebble.a(tmpl57WfEpebble.o)
 .text.dict_serialize_tuplets_to_buffer_with_iter
                0x0000000000000000        0xc /home/will/pebble-dev/PebbleSDK-3.0-beta12/Pebble/aplite/lib/libpebble.a(tmpl57WfEpebble.o)
 .text.dict_write_begin
                0x0000000000000000        0xc /home/will/pebble-dev/PebbleSDK-3.0-beta12/Pebble/aplite/lib/libpebble.a(tmpl57WfEpebble.o)
 .text.dict_write_cstring
                0x0000000000000000        0xc /home/will/pebble-dev/PebbleSDK-3.0-beta12/Pebble/aplite/lib/libpebble.a(tmpl57WfEpebble.o)
 .text.dict_write_data
                0x0000000000000000        0xc /home/will/pebble-dev/PebbleSDK-3.0-beta12/Pebble/aplite/lib/libpebble.a(tmpl57WfEpebble.o)
 .text.dict_write_end
                0x0000000000000000        0xc /home/will/pebble-dev/PebbleSDK-3.0-beta12/Pebble/aplite/lib/libpebble.a(tmpl57WfEpebble.o)
 .text.dict_write_int
                0x0000000000000000        0xc /home/will/pebble-dev/PebbleSDK-3.0-beta12/Pebble/aplite/lib/libpebble.a(tmpl57WfEpebble.o)
 .text.dict_write_int16
                0x0000000000000000        0xc /home/will/pebble-dev/PebbleSDK-3.0-beta12/Pebble/aplite/lib/libpebble.a(tmpl57WfEpebble.o)
 .text.dict_write_int32
                0x0000000000000000        0xc /home/will/pebble-dev/PebbleSDK-3.0-beta12/Pebble/aplite/lib/libpebble.a(tmpl57WfEpebble.o)
 .text.dict_write_int8
                0x0000000000000000        0xc /home/will/pebble-dev/PebbleSDK-3.0-beta12/Pebble/aplite/lib/libpebble.a(tmpl57WfEpebble.o)
 .text.dict_write_tuplet
                0x0000000000000000        0xc /home/will/pebble-dev/PebbleSDK-3.0-beta12/Pebble/aplite/lib/libpebble.a(tmpl57WfEpebble.o)
 .text.dict_write_uint16
                0x0000000000000000        0xc /home/will/pebble-dev/PebbleSDK-3.0-beta12/Pebble/aplite/lib/libpebble.a(tmpl57WfEpebble.o)
 .text.dict_write_uint32
                0x0000000000000000        0xc /home/will/pebble-dev/PebbleSDK-3.0-beta12/Pebble/aplite/lib/libpebble.a(tmpl57WfEpebble.o)
 .text.dict_write_uint8
                0x0000000000000000        0xc /home/will/pebble-dev/PebbleSDK-3.0-beta12/Pebble/aplite/lib/libpebble.a(tmpl57WfEpebble.o)
 .text.fonts_get_system_font
                0x0000000000000000        0xc /home/will/pebble-dev/PebbleSDK-3.0-beta12/Pebble/aplite/lib/libpebble.a(tmpl57WfEpebble.o)
 .text.fonts_load_custom_font
                0x0000000000000000        0xc /home/will/pebble-dev/PebbleSDK-3.0-beta12/Pebble/aplite/lib/libpebble.a(tmpl57WfEpebble.o)
 .text.fonts_unload_custom_font
                0x0000000000000000        0xc /home/will/pebble-dev/PebbleSDK-3.0-beta12/Pebble/aplite/lib/libpebble.a(tmpl57WfEpebble.o)
 .text.gbitmap_create_as_sub_bitmap
                0x0000000000000000        0xc /home/will/pebble-dev/PebbleSDK-3.0-beta12/Pebble/aplite/lib/libpebble.a(tmpl57WfEpebble.o)
 .text.gbitmap_create_with_data
                0x0000000000000000        0xc /home/will/pebble-dev/PebbleSDK-3.0-beta12/Pebble/aplite/lib/libpebble.a(tmpl57WfEpebble.o)
 .text.gbitmap_create_with_resource
                0x0000000000000000        0xc /home/will/pebble-dev/PebbleSDK-3.0-beta12/Pebble/aplite/lib/libpebble.a(tmpl57WfEpebble.o)
 .text.gbitmap_destroy
                0x0000000000000000        0xc /home/will/pebble-dev/PebbleSDK-3.0-beta12/Pebble/aplite/lib/libpebble.a(tmpl57WfEpebble.o)
 .text.gmtime   0x0000000000000000        0xc /home/will/pebble-dev/PebbleSDK-3.0-beta12/Pebble/aplite/lib/libpebble.a(tmpl57WfEpebble.o)
 .text.gpath_create
                0x0000000000000000        0xc /home/will/pebble-dev/PebbleSDK-3.0-beta12/Pebble/aplite/lib/libpebble.a(tmpl57WfEpebble.o)
 .text.gpath_destroy
                0x0000000000000000        0xc /home/will/pebble-dev/PebbleSDK-3.0-beta12/Pebble/aplite/lib/libpebble.a(tmpl57WfEpebble.o)
 .text.gpath_draw_filled_legacy
                0x0000000000000000        0xc /home/will/pebble-dev/PebbleSDK-3.0-beta12/Pebble/aplite/lib/libpebble.a(tmpl57WfEpebble.o)
 .text.gpath_draw_outline
                0x0000000000000000        0xc /home/will/pebble-dev/PebbleSDK-3.0-beta12/Pebble/aplite/lib/libpebble.a(tmpl57WfEpebble.o)
 .text.gpath_move_to
                0x0000000000000000        0xc /home/will/pebble-dev/PebbleSDK-3.0-beta12/Pebble/aplite/lib/libpebble.a(tmpl57WfEpebble.o)
 .text.gpath_rotate_to
                0x0000000000000000        0xc /home/will/pebble-dev/PebbleSDK-3.0-beta12/Pebble/aplite/lib/libpebble.a(tmpl57WfEpebble.o)
 .text.gpoint_equal
                0x0000000000000000        0xc /home/will/pebble-dev/PebbleSDK-3.0-beta12/Pebble/aplite/lib/libpebble.a(tmpl57WfEpebble.o)
 .text.graphics_context_set_compositing_mode
                0x0000000000000000        0xc /home/will/pebble-dev/PebbleSDK-3.0-beta12/Pebble/aplite/lib/libpebble.a(tmpl57WfEpebble.o)
 .text.graphics_context_set_stroke_color
                0x0000000000000000        0xc /home/will/pebble-dev/PebbleSDK-3.0-beta12/Pebble/aplite/lib/libpebble.a(tmpl57WfEpebble.o)
 .text.graphics_context_set_text_color
                0x0000000000000000        0xc /home/will/pebble-dev/PebbleSDK-3.0-beta12/Pebble/aplite/lib/libpebble.a(tmpl57WfEpebble.o)
 .text.graphics_draw_bitmap_in_rect
                0x0000000000000000        0xc /home/will/pebble-dev/PebbleSDK-3.0-beta12/Pebble/aplite/lib/libpebble.a(tmpl57WfEpebble.o)
 .text.graphics_draw_circle
                0x0000000000000000        0xc /home/will/pebble-dev/PebbleSDK-3.0-beta12/Pebble/aplite/lib/libpebble.a(tmpl57WfEpebble.o)
 .text.graphics_draw_line
                0x0000000000000000        0xc /home/will/pebble-dev/PebbleSDK-3.0-beta12/Pebble/aplite/lib/libpebble.a(tmpl57WfEpebble.o)
 .text.graphics_draw_pixel
                0x0000000000000000        0xc /home/will/pebble-dev/PebbleSDK-3.0-beta12/Pebble/aplite/lib/libpebble.a(tmpl57WfEpebble.o)
 .text.graphics_draw_rect
                0x0000000000000000        0xc /home/will/pebble-dev/PebbleSDK-3.0-beta12/Pebble/aplite/lib/libpebble.a(tmpl57WfEpebble.o)
 .text.graphics_draw_round_rect
                0x0000000000000000        0xc /home/will/pebble-dev/PebbleSDK-3.0-beta12/Pebble/aplite/lib/libpebble.a(tmpl57WfEpebble.o)
 .text.graphics_text_layout_get_max_used_size
                0x0000000000000000        0xc /home/will/pebble-dev/PebbleSDK-3.0-beta12/Pebble/aplite/lib/libpebble.a(tmpl57WfEpebble.o)
 .text.grect_align
                0x0000000000000000        0xc /home/will/pebble-dev/PebbleSDK-3.0-beta12/Pebble/aplite/lib/libpebble.a(tmpl57WfEpebble.o)
 .text.grect_center_point
                0x0000000000000000        0xc /home/will/pebble-dev/PebbleSDK-3.0-beta12/Pebble/aplite/lib/libpebble.a(tmpl57WfEpebble.o)
 .text.grect_clip
                0x0000000000000000        0xc /home/will/pebble-dev/PebbleSDK-3.0-beta12/Pebble/aplite/lib/libpebble.a(tmpl57WfEpebble.o)
 .text.grect_contains_point
                0x0000000000000000        0xc /home/will/pebble-dev/PebbleSDK-3.0-beta12/Pebble/aplite/lib/libpebble.a(tmpl57WfEpebble.o)
 .text.grect_crop
                0x0000000000000000        0xc /home/will/pebble-dev/PebbleSDK-3.0-beta12/Pebble/aplite/lib/libpebble.a(tmpl57WfEpebble.o)
 .text.grect_equal
                0x0000000000000000        0xc /home/will/pebble-dev/PebbleSDK-3.0-beta12/Pebble/aplite/lib/libpebble.a(tmpl57WfEpebble.o)
 .text.grect_is_empty
                0x0000000000000000        0xc /home/will/pebble-dev/PebbleSDK-3.0-beta12/Pebble/aplite/lib/libpebble.a(tmpl57WfEpebble.o)
 .text.grect_standardize
                0x0000000000000000        0xc /home/will/pebble-dev/PebbleSDK-3.0-beta12/Pebble/aplite/lib/libpebble.a(tmpl57WfEpebble.o)
 .text.gsize_equal
                0x0000000000000000        0xc /home/will/pebble-dev/PebbleSDK-3.0-beta12/Pebble/aplite/lib/libpebble.a(tmpl57WfEpebble.o)
 .text.inverter_layer_create
                0x0000000000000000        0xc /home/will/pebble-dev/PebbleSDK-3.0-beta12/Pebble/aplite/lib/libpebble.a(tmpl57WfEpebble.o)
 .text.inverter_layer_destroy
                0x0000000000000000        0xc /home/will/pebble-dev/PebbleSDK-3.0-beta12/Pebble/aplite/lib/libpebble.a(tmpl57WfEpebble.o)
 .text.inverter_layer_get_layer
                0x0000000000000000        0xc /home/will/pebble-dev/PebbleSDK-3.0-beta12/Pebble/aplite/lib/libpebble.a(tmpl57WfEpebble.o)
 .text.layer_get_clips
                0x0000000000000000        0xc /home/will/pebble-dev/PebbleSDK-3.0-beta12/Pebble/aplite/lib/libpebble.a(tmpl57WfEpebble.o)
 .text.layer_get_hidden
                0x0000000000000000        0xc /home/will/pebble-dev/PebbleSDK-3.0-beta12/Pebble/aplite/lib/libpebble.a(tmpl57WfEpebble.o)
 .text.layer_get_window
                0x0000000000000000        0xc /home/will/pebble-dev/PebbleSDK-3.0-beta12/Pebble/aplite/lib/libpebble.a(tmpl57WfEpebble.o)
 .text.layer_insert_above_sibling
                0x0000000000000000        0xc /home/will/pebble-dev/PebbleSDK-3.0-beta12/Pebble/aplite/lib/libpebble.a(tmpl57WfEpebble.o)
 .text.layer_insert_below_sibling
                0x0000000000000000        0xc /home/will/pebble-dev/PebbleSDK-3.0-beta12/Pebble/aplite/lib/libpebble.a(tmpl57WfEpebble.o)
 .text.layer_remove_child_layers
                0x0000000000000000        0xc /home/will/pebble-dev/PebbleSDK-3.0-beta12/Pebble/aplite/lib/libpebble.a(tmpl57WfEpebble.o)
 .text.layer_remove_from_parent
                0x0000000000000000        0xc /home/will/pebble-dev/PebbleSDK-3.0-beta12/Pebble/aplite/lib/libpebble.a(tmpl57WfEpebble.o)
 .text.layer_set_bounds
                0x0000000000000000        0xc /home/will/pebble-dev/PebbleSDK-3.0-beta12/Pebble/aplite/lib/libpebble.a(tmpl57WfEpebble.o)
 .text.layer_set_clips
                0x0000000000000000        0xc /home/will/pebble-dev/PebbleSDK-3.0-beta12/Pebble/aplite/lib/libpebble.a(tmpl57WfEpebble.o)
 .text.layer_set_hidden
                0x0000000000000000        0xc /home/will/pebble-dev/PebbleSDK-3.0-beta12/Pebble/aplite/lib/libpebble.a(tmpl57WfEpebble.o)
 .text.light_enable
                0x0000000000000000        0xc /home/will/pebble-dev/PebbleSDK-3.0-beta12/Pebble/aplite/lib/libpebble.a(tmpl57WfEpebble.o)
 .text.light_enable_interaction
                0x0000000000000000        0xc /home/will/pebble-dev/PebbleSDK-3.0-beta12/Pebble/aplite/lib/libpebble.a(tmpl57WfEpebble.o)
 .text.localtime
                0x0000000000000000        0xc /home/will/pebble-dev/PebbleSDK-3.0-beta12/Pebble/aplite/lib/libpebble.a(tmpl57WfEpebble.o)
 .text.memcpy   0x0000000000000000        0xc /home/will/pebble-dev/PebbleSDK-3.0-beta12/Pebble/aplite/lib/libpebble.a(tmpl57WfEpebble.o)
 .text.memmove  0x0000000000000000        0xc /home/will/pebble-dev/PebbleSDK-3.0-beta12/Pebble/aplite/lib/libpebble.a(tmpl57WfEpebble.o)
 .text.menu_cell_basic_draw
                0x0000000000000000        0xc /home/will/pebble-dev/PebbleSDK-3.0-beta12/Pebble/aplite/lib/libpebble.a(tmpl57WfEpebble.o)
 .text.menu_cell_basic_header_draw
                0x0000000000000000        0xc /home/will/pebble-dev/PebbleSDK-3.0-beta12/Pebble/aplite/lib/libpebble.a(tmpl57WfEpebble.o)
 .text.menu_cell_title_draw
                0x0000000000000000        0xc /home/will/pebble-dev/PebbleSDK-3.0-beta12/Pebble/aplite/lib/libpebble.a(tmpl57WfEpebble.o)
 .text.menu_index_compare
                0x0000000000000000        0xc /home/will/pebble-dev/PebbleSDK-3.0-beta12/Pebble/aplite/lib/libpebble.a(tmpl57WfEpebble.o)
 .text.menu_layer_create
                0x0000000000000000        0xc /home/will/pebble-dev/PebbleSDK-3.0-beta12/Pebble/aplite/lib/libpebble.a(tmpl57WfEpebble.o)
 .text.menu_layer_destroy
                0x0000000000000000        0xc /home/will/pebble-dev/PebbleSDK-3.0-beta12/Pebble/aplite/lib/libpebble.a(tmpl57WfEpebble.o)
 .text.menu_layer_get_layer
                0x0000000000000000        0xc /home/will/pebble-dev/PebbleSDK-3.0-beta12/Pebble/aplite/lib/libpebble.a(tmpl57WfEpebble.o)
 .text.menu_layer_get_scroll_layer
                0x0000000000000000        0xc /home/will/pebble-dev/PebbleSDK-3.0-beta12/Pebble/aplite/lib/libpebble.a(tmpl57WfEpebble.o)
 .text.menu_layer_get_selected_index
                0x0000000000000000        0xc /home/will/pebble-dev/PebbleSDK-3.0-beta12/Pebble/aplite/lib/libpebble.a(tmpl57WfEpebble.o)
 .text.menu_layer_reload_data
                0x0000000000000000        0xc /home/will/pebble-dev/PebbleSDK-3.0-beta12/Pebble/aplite/lib/libpebble.a(tmpl57WfEpebble.o)
 .text.menu_layer_set_callbacks__deprecated
                0x0000000000000000        0xc /home/will/pebble-dev/PebbleSDK-3.0-beta12/Pebble/aplite/lib/libpebble.a(tmpl57WfEpebble.o)
 .text.menu_layer_set_click_config_onto_window
                0x0000000000000000        0xc /home/will/pebble-dev/PebbleSDK-3.0-beta12/Pebble/aplite/lib/libpebble.a(tmpl57WfEpebble.o)
 .text.menu_layer_set_selected_index
                0x0000000000000000        0xc /home/will/pebble-dev/PebbleSDK-3.0-beta12/Pebble/aplite/lib/libpebble.a(tmpl57WfEpebble.o)
 .text.menu_layer_set_selected_next
                0x0000000000000000        0xc /home/will/pebble-dev/PebbleSDK-3.0-beta12/Pebble/aplite/lib/libpebble.a(tmpl57WfEpebble.o)
 .text.number_window_create
                0x0000000000000000        0xc /home/will/pebble-dev/PebbleSDK-3.0-beta12/Pebble/aplite/lib/libpebble.a(tmpl57WfEpebble.o)
 .text.number_window_destroy
                0x0000000000000000        0xc /home/will/pebble-dev/PebbleSDK-3.0-beta12/Pebble/aplite/lib/libpebble.a(tmpl57WfEpebble.o)
 .text.number_window_get_value
                0x0000000000000000        0xc /home/will/pebble-dev/PebbleSDK-3.0-beta12/Pebble/aplite/lib/libpebble.a(tmpl57WfEpebble.o)
 .text.number_window_set_label
                0x0000000000000000        0xc /home/will/pebble-dev/PebbleSDK-3.0-beta12/Pebble/aplite/lib/libpebble.a(tmpl57WfEpebble.o)
 .text.number_window_set_max
                0x0000000000000000        0xc /home/will/pebble-dev/PebbleSDK-3.0-beta12/Pebble/aplite/lib/libpebble.a(tmpl57WfEpebble.o)
 .text.number_window_set_min
                0x0000000000000000        0xc /home/will/pebble-dev/PebbleSDK-3.0-beta12/Pebble/aplite/lib/libpebble.a(tmpl57WfEpebble.o)
 .text.number_window_set_step_size
                0x0000000000000000        0xc /home/will/pebble-dev/PebbleSDK-3.0-beta12/Pebble/aplite/lib/libpebble.a(tmpl57WfEpebble.o)
 .text.number_window_set_value
                0x0000000000000000        0xc /home/will/pebble-dev/PebbleSDK-3.0-beta12/Pebble/aplite/lib/libpebble.a(tmpl57WfEpebble.o)
 .text.persist_delete
                0x0000000000000000        0xc /home/will/pebble-dev/PebbleSDK-3.0-beta12/Pebble/aplite/lib/libpebble.a(tmpl57WfEpebble.o)
 .text.persist_exists
                0x0000000000000000        0xc /home/will/pebble-dev/PebbleSDK-3.0-beta12/Pebble/aplite/lib/libpebble.a(tmpl57WfEpebble.o)
 .text.persist_get_size
                0x0000000000000000        0xc /home/will/pebble-dev/PebbleSDK-3.0-beta12/Pebble/aplite/lib/libpebble.a(tmpl57WfEpebble.o)
 .text.persist_read_bool
                0x0000000000000000        0xc /home/will/pebble-dev/PebbleSDK-3.0-beta12/Pebble/aplite/lib/libpebble.a(tmpl57WfEpebble.o)
 .text.persist_read_data__deprecated
                0x0000000000000000        0xc /home/will/pebble-dev/PebbleSDK-3.0-beta12/Pebble/aplite/lib/libpebble.a(tmpl57WfEpebble.o)
 .text.persist_read_int
                0x0000000000000000        0xc /home/will/pebble-dev/PebbleSDK-3.0-beta12/Pebble/aplite/lib/libpebble.a(tmpl57WfEpebble.o)
 .text.persist_read_string__deprecated
                0x0000000000000000        0xc /home/will/pebble-dev/PebbleSDK-3.0-beta12/Pebble/aplite/lib/libpebble.a(tmpl57WfEpebble.o)
 .text.persist_write_bool
                0x0000000000000000        0xc /home/will/pebble-dev/PebbleSDK-3.0-beta12/Pebble/aplite/lib/libpebble.a(tmpl57WfEpebble.o)
 .text.persist_write_data__deprecated
                0x0000000000000000        0xc /home/will/pebble-dev/PebbleSDK-3.0-beta12/Pebble/aplite/lib/libpebble.a(tmpl57WfEpebble.o)
 .text.persist_write_int
                0x0000000000000000        0xc /home/will/pebble-dev/PebbleSDK-3.0-beta12/Pebble/aplite/lib/libpebble.a(tmpl57WfEpebble.o)
 .text.persist_write_string
                0x0000000000000000        0xc /home/will/pebble-dev/PebbleSDK-3.0-beta12/Pebble/aplite/lib/libpebble.a(tmpl57WfEpebble.o)
 .text.property_animation_create
                0x0000000000000000        0xc /home/will/pebble-dev/PebbleSDK-3.0-beta12/Pebble/aplite/lib/libpebble.a(tmpl57WfEpebble.o)
 .text.property_animation_update_gpoint
                0x0000000000000000        0xc /home/will/pebble-dev/PebbleSDK-3.0-beta12/Pebble/aplite/lib/libpebble.a(tmpl57WfEpebble.o)
 .text.property_animation_update_grect
                0x0000000000000000        0xc /home/will/pebble-dev/PebbleSDK-3.0-beta12/Pebble/aplite/lib/libpebble.a(tmpl57WfEpebble.o)
 .text.property_animation_update_int16
                0x0000000000000000        0xc /home/will/pebble-dev/PebbleSDK-3.0-beta12/Pebble/aplite/lib/libpebble.a(tmpl57WfEpebble.o)
 .text.psleep   0x0000000000000000        0xc /home/will/pebble-dev/PebbleSDK-3.0-beta12/Pebble/aplite/lib/libpebble.a(tmpl57WfEpebble.o)
 .text.rand     0x0000000000000000        0xc /home/will/pebble-dev/PebbleSDK-3.0-beta12/Pebble/aplite/lib/libpebble.a(tmpl57WfEpebble.o)
 .text.resource_load_byte_range
                0x0000000000000000        0xc /home/will/pebble-dev/PebbleSDK-3.0-beta12/Pebble/aplite/lib/libpebble.a(tmpl57WfEpebble.o)
 .text.rot_bitmap_layer_create
                0x0000000000000000        0xc /home/will/pebble-dev/PebbleSDK-3.0-beta12/Pebble/aplite/lib/libpebble.a(tmpl57WfEpebble.o)
 .text.rot_bitmap_layer_destroy
                0x0000000000000000        0xc /home/will/pebble-dev/PebbleSDK-3.0-beta12/Pebble/aplite/lib/libpebble.a(tmpl57WfEpebble.o)
 .text.rot_bitmap_layer_increment_angle
                0x0000000000000000        0xc /home/will/pebble-dev/PebbleSDK-3.0-beta12/Pebble/aplite/lib/libpebble.a(tmpl57WfEpebble.o)
 .text.rot_bitmap_layer_set_angle
                0x0000000000000000        0xc /home/will/pebble-dev/PebbleSDK-3.0-beta12/Pebble/aplite/lib/libpebble.a(tmpl57WfEpebble.o)
 .text.rot_bitmap_layer_set_corner_clip_color
                0x0000000000000000        0xc /home/will/pebble-dev/PebbleSDK-3.0-beta12/Pebble/aplite/lib/libpebble.a(tmpl57WfEpebble.o)
 .text.rot_bitmap_set_compositing_mode
                0x0000000000000000        0xc /home/will/pebble-dev/PebbleSDK-3.0-beta12/Pebble/aplite/lib/libpebble.a(tmpl57WfEpebble.o)
 .text.rot_bitmap_set_src_ic
                0x0000000000000000        0xc /home/will/pebble-dev/PebbleSDK-3.0-beta12/Pebble/aplite/lib/libpebble.a(tmpl57WfEpebble.o)
 .text.scroll_layer_add_child
                0x0000000000000000        0xc /home/will/pebble-dev/PebbleSDK-3.0-beta12/Pebble/aplite/lib/libpebble.a(tmpl57WfEpebble.o)
 .text.scroll_layer_create
                0x0000000000000000        0xc /home/will/pebble-dev/PebbleSDK-3.0-beta12/Pebble/aplite/lib/libpebble.a(tmpl57WfEpebble.o)
 .text.scroll_layer_destroy
                0x0000000000000000        0xc /home/will/pebble-dev/PebbleSDK-3.0-beta12/Pebble/aplite/lib/libpebble.a(tmpl57WfEpebble.o)
 .text.scroll_layer_get_content_offset
                0x0000000000000000        0xc /home/will/pebble-dev/PebbleSDK-3.0-beta12/Pebble/aplite/lib/libpebble.a(tmpl57WfEpebble.o)
 .text.scroll_layer_get_content_size
                0x0000000000000000        0xc /home/will/pebble-dev/PebbleSDK-3.0-beta12/Pebble/aplite/lib/libpebble.a(tmpl57WfEpebble.o)
 .text.scroll_layer_get_layer
                0x0000000000000000        0xc /home/will/pebble-dev/PebbleSDK-3.0-beta12/Pebble/aplite/lib/libpebble.a(tmpl57WfEpebble.o)
 .text.scroll_layer_get_shadow_hidden
                0x0000000000000000        0xc /home/will/pebble-dev/PebbleSDK-3.0-beta12/Pebble/aplite/lib/libpebble.a(tmpl57WfEpebble.o)
 .text.scroll_layer_scroll_down_click_handler
                0x0000000000000000        0xc /home/will/pebble-dev/PebbleSDK-3.0-beta12/Pebble/aplite/lib/libpebble.a(tmpl57WfEpebble.o)
 .text.scroll_layer_scroll_up_click_handler
                0x0000000000000000        0xc /home/will/pebble-dev/PebbleSDK-3.0-beta12/Pebble/aplite/lib/libpebble.a(tmpl57WfEpebble.o)
 .text.scroll_layer_set_callbacks
                0x0000000000000000        0xc /home/will/pebble-dev/PebbleSDK-3.0-beta12/Pebble/aplite/lib/libpebble.a(tmpl57WfEpebble.o)
 .text.scroll_layer_set_click_config_onto_window
                0x0000000000000000        0xc /home/will/pebble-dev/PebbleSDK-3.0-beta12/Pebble/aplite/lib/libpebble.a(tmpl57WfEpebble.o)
 .text.scroll_layer_set_content_offset
                0x0000000000000000        0xc /home/will/pebble-dev/PebbleSDK-3.0-beta12/Pebble/aplite/lib/libpebble.a(tmpl57WfEpebble.o)
 .text.scroll_layer_set_content_size
                0x0000000000000000        0xc /home/will/pebble-dev/PebbleSDK-3.0-beta12/Pebble/aplite/lib/libpebble.a(tmpl57WfEpebble.o)
 .text.scroll_layer_set_context
                0x0000000000000000        0xc /home/will/pebble-dev/PebbleSDK-3.0-beta12/Pebble/aplite/lib/libpebble.a(tmpl57WfEpebble.o)
 .text.scroll_layer_set_frame
                0x0000000000000000        0xc /home/will/pebble-dev/PebbleSDK-3.0-beta12/Pebble/aplite/lib/libpebble.a(tmpl57WfEpebble.o)
 .text.scroll_layer_set_shadow_hidden
                0x0000000000000000        0xc /home/will/pebble-dev/PebbleSDK-3.0-beta12/Pebble/aplite/lib/libpebble.a(tmpl57WfEpebble.o)
 .text.simple_menu_layer_create
                0x0000000000000000        0xc /home/will/pebble-dev/PebbleSDK-3.0-beta12/Pebble/aplite/lib/libpebble.a(tmpl57WfEpebble.o)
 .text.simple_menu_layer_destroy
                0x0000000000000000        0xc /home/will/pebble-dev/PebbleSDK-3.0-beta12/Pebble/aplite/lib/libpebble.a(tmpl57WfEpebble.o)
 .text.simple_menu_layer_get_layer
                0x0000000000000000        0xc /home/will/pebble-dev/PebbleSDK-3.0-beta12/Pebble/aplite/lib/libpebble.a(tmpl57WfEpebble.o)
 .text.simple_menu_layer_get_selected_index
                0x0000000000000000        0xc /home/will/pebble-dev/PebbleSDK-3.0-beta12/Pebble/aplite/lib/libpebble.a(tmpl57WfEpebble.o)
 .text.simple_menu_layer_set_selected_index
                0x0000000000000000        0xc /home/will/pebble-dev/PebbleSDK-3.0-beta12/Pebble/aplite/lib/libpebble.a(tmpl57WfEpebble.o)
 .text.snprintf
                0x0000000000000000        0xc /home/will/pebble-dev/PebbleSDK-3.0-beta12/Pebble/aplite/lib/libpebble.a(tmpl57WfEpebble.o)
 .text.srand    0x0000000000000000        0xc /home/will/pebble-dev/PebbleSDK-3.0-beta12/Pebble/aplite/lib/libpebble.a(tmpl57WfEpebble.o)
 .text.strcat   0x0000000000000000        0xc /home/will/pebble-dev/PebbleSDK-3.0-beta12/Pebble/aplite/lib/libpebble.a(tmpl57WfEpebble.o)
 .text.strcmp   0x0000000000000000        0xc /home/will/pebble-dev/PebbleSDK-3.0-beta12/Pebble/aplite/lib/libpebble.a(tmpl57WfEpebble.o)
 .text.strcpy   0x0000000000000000        0xc /home/will/pebble-dev/PebbleSDK-3.0-beta12/Pebble/aplite/lib/libpebble.a(tmpl57WfEpebble.o)
 .text.strftime
                0x0000000000000000        0xc /home/will/pebble-dev/PebbleSDK-3.0-beta12/Pebble/aplite/lib/libpebble.a(tmpl57WfEpebble.o)
 .text.strlen   0x0000000000000000        0xc /home/will/pebble-dev/PebbleSDK-3.0-beta12/Pebble/aplite/lib/libpebble.a(tmpl57WfEpebble.o)
 .text.strncat  0x0000000000000000        0xc /home/will/pebble-dev/PebbleSDK-3.0-beta12/Pebble/aplite/lib/libpebble.a(tmpl57WfEpebble.o)
 .text.strncmp  0x0000000000000000        0xc /home/will/pebble-dev/PebbleSDK-3.0-beta12/Pebble/aplite/lib/libpebble.a(tmpl57WfEpebble.o)
 .text.strncpy  0x0000000000000000        0xc /home/will/pebble-dev/PebbleSDK-3.0-beta12/Pebble/aplite/lib/libpebble.a(tmpl57WfEpebble.o)
 .text.text_layer_destroy
                0x0000000000000000        0xc /home/will/pebble-dev/PebbleSDK-3.0-beta12/Pebble/aplite/lib/libpebble.a(tmpl57WfEpebble.o)
 .text.text_layer_get_content_size
                0x0000000000000000        0xc /home/will/pebble-dev/PebbleSDK-3.0-beta12/Pebble/aplite/lib/libpebble.a(tmpl57WfEpebble.o)
 .text.text_layer_get_text
                0x0000000000000000        0xc /home/will/pebble-dev/PebbleSDK-3.0-beta12/Pebble/aplite/lib/libpebble.a(tmpl57WfEpebble.o)
 .text.text_layer_set_background_color
                0x0000000000000000        0xc /home/will/pebble-dev/PebbleSDK-3.0-beta12/Pebble/aplite/lib/libpebble.a(tmpl57WfEpebble.o)
 .text.text_layer_set_font
                0x0000000000000000        0xc /home/will/pebble-dev/PebbleSDK-3.0-beta12/Pebble/aplite/lib/libpebble.a(tmpl57WfEpebble.o)
 .text.text_layer_set_overflow_mode
                0x0000000000000000        0xc /home/will/pebble-dev/PebbleSDK-3.0-beta12/Pebble/aplite/lib/libpebble.a(tmpl57WfEpebble.o)
 .text.text_layer_set_size
                0x0000000000000000        0xc /home/will/pebble-dev/PebbleSDK-3.0-beta12/Pebble/aplite/lib/libpebble.a(tmpl57WfEpebble.o)
 .text.text_layer_set_text_color
                0x0000000000000000        0xc /home/will/pebble-dev/PebbleSDK-3.0-beta12/Pebble/aplite/lib/libpebble.a(tmpl57WfEpebble.o)
 .text.tick_timer_service_subscribe
                0x0000000000000000        0xc /home/will/pebble-dev/PebbleSDK-3.0-beta12/Pebble/aplite/lib/libpebble.a(tmpl57WfEpebble.o)
 .text.tick_timer_service_unsubscribe
                0x0000000000000000        0xc /home/will/pebble-dev/PebbleSDK-3.0-beta12/Pebble/aplite/lib/libpebble.a(tmpl57WfEpebble.o)
 .text.time     0x0000000000000000        0xc /home/will/pebble-dev/PebbleSDK-3.0-beta12/Pebble/aplite/lib/libpebble.a(tmpl57WfEpebble.o)
 .text.time_ms  0x0000000000000000        0xc /home/will/pebble-dev/PebbleSDK-3.0-beta12/Pebble/aplite/lib/libpebble.a(tmpl57WfEpebble.o)
 .text.vibes_cancel
                0x0000000000000000        0xc /home/will/pebble-dev/PebbleSDK-3.0-beta12/Pebble/aplite/lib/libpebble.a(tmpl57WfEpebble.o)
 .text.vibes_double_pulse
                0x0000000000000000        0xc /home/will/pebble-dev/PebbleSDK-3.0-beta12/Pebble/aplite/lib/libpebble.a(tmpl57WfEpebble.o)
 .text.vibes_enqueue_custom_pattern
                0x0000000000000000        0xc /home/will/pebble-dev/PebbleSDK-3.0-beta12/Pebble/aplite/lib/libpebble.a(tmpl57WfEpebble.o)
 .text.vibes_long_pulse
                0x0000000000000000        0xc /home/will/pebble-dev/PebbleSDK-3.0-beta12/Pebble/aplite/lib/libpebble.a(tmpl57WfEpebble.o)
 .text.vibes_short_pulse
                0x0000000000000000        0xc /home/will/pebble-dev/PebbleSDK-3.0-beta12/Pebble/aplite/lib/libpebble.a(tmpl57WfEpebble.o)
 .text.window_get_click_config_provider
                0x0000000000000000        0xc /home/will/pebble-dev/PebbleSDK-3.0-beta12/Pebble/aplite/lib/libpebble.a(tmpl57WfEpebble.o)
 .text.window_get_fullscreen
                0x0000000000000000        0xc /home/will/pebble-dev/PebbleSDK-3.0-beta12/Pebble/aplite/lib/libpebble.a(tmpl57WfEpebble.o)
 .text.window_is_loaded
                0x0000000000000000        0xc /home/will/pebble-dev/PebbleSDK-3.0-beta12/Pebble/aplite/lib/libpebble.a(tmpl57WfEpebble.o)
 .text.window_set_background_color
                0x0000000000000000        0xc /home/will/pebble-dev/PebbleSDK-3.0-beta12/Pebble/aplite/lib/libpebble.a(tmpl57WfEpebble.o)
 .text.window_set_click_config_provider_with_context
                0x0000000000000000        0xc /home/will/pebble-dev/PebbleSDK-3.0-beta12/Pebble/aplite/lib/libpebble.a(tmpl57WfEpebble.o)
 .text.window_set_fullscreen
                0x0000000000000000        0xc /home/will/pebble-dev/PebbleSDK-3.0-beta12/Pebble/aplite/lib/libpebble.a(tmpl57WfEpebble.o)
 .text.window_set_status_bar_icon
                0x0000000000000000        0xc /home/will/pebble-dev/PebbleSDK-3.0-beta12/Pebble/aplite/lib/libpebble.a(tmpl57WfEpebble.o)
 .text.window_stack_contains_window
                0x0000000000000000        0xc /home/will/pebble-dev/PebbleSDK-3.0-beta12/Pebble/aplite/lib/libpebble.a(tmpl57WfEpebble.o)
 .text.window_stack_get_top_window
                0x0000000000000000        0xc /home/will/pebble-dev/PebbleSDK-3.0-beta12/Pebble/aplite/lib/libpebble.a(tmpl57WfEpebble.o)
 .text.window_stack_pop
                0x0000000000000000        0xc /home/will/pebble-dev/PebbleSDK-3.0-beta12/Pebble/aplite/lib/libpebble.a(tmpl57WfEpebble.o)
 .text.window_stack_pop_all
                0x0000000000000000        0xc /home/will/pebble-dev/PebbleSDK-3.0-beta12/Pebble/aplite/lib/libpebble.a(tmpl57WfEpebble.o)
 .text.window_stack_remove
                0x0000000000000000        0xc /home/will/pebble-dev/PebbleSDK-3.0-beta12/Pebble/aplite/lib/libpebble.a(tmpl57WfEpebble.o)
 .text.app_focus_service_subscribe
                0x0000000000000000        0xc /home/will/pebble-dev/PebbleSDK-3.0-beta12/Pebble/aplite/lib/libpebble.a(tmpl57WfEpebble.o)
 .text.app_focus_service_unsubscribe
                0x0000000000000000        0xc /home/will/pebble-dev/PebbleSDK-3.0-beta12/Pebble/aplite/lib/libpebble.a(tmpl57WfEpebble.o)
 .text.window_get_user_data
                0x0000000000000000        0xc /home/will/pebble-dev/PebbleSDK-3.0-beta12/Pebble/aplite/lib/libpebble.a(tmpl57WfEpebble.o)
 .text.window_set_user_data
                0x0000000000000000        0xc /home/will/pebble-dev/PebbleSDK-3.0-beta12/Pebble/aplite/lib/libpebble.a(tmpl57WfEpebble.o)
 .text.app_message_get_context
                0x0000000000000000        0xc /home/will/pebble-dev/PebbleSDK-3.0-beta12/Pebble/aplite/lib/libpebble.a(tmpl57WfEpebble.o)
 .text.app_message_inbox_size_maximum
                0x0000000000000000        0xc /home/will/pebble-dev/PebbleSDK-3.0-beta12/Pebble/aplite/lib/libpebble.a(tmpl57WfEpebble.o)
 .text.app_message_outbox_begin
                0x0000000000000000        0xc /home/will/pebble-dev/PebbleSDK-3.0-beta12/Pebble/aplite/lib/libpebble.a(tmpl57WfEpebble.o)
 .text.app_message_outbox_send
                0x0000000000000000        0xc /home/will/pebble-dev/PebbleSDK-3.0-beta12/Pebble/aplite/lib/libpebble.a(tmpl57WfEpebble.o)
 .text.app_message_outbox_size_maximum
                0x0000000000000000        0xc /home/will/pebble-dev/PebbleSDK-3.0-beta12/Pebble/aplite/lib/libpebble.a(tmpl57WfEpebble.o)
 .text.app_message_register_inbox_dropped
                0x0000000000000000        0xc /home/will/pebble-dev/PebbleSDK-3.0-beta12/Pebble/aplite/lib/libpebble.a(tmpl57WfEpebble.o)
 .text.app_message_register_inbox_received
                0x0000000000000000        0xc /home/will/pebble-dev/PebbleSDK-3.0-beta12/Pebble/aplite/lib/libpebble.a(tmpl57WfEpebble.o)
 .text.app_message_register_outbox_failed
                0x0000000000000000        0xc /home/will/pebble-dev/PebbleSDK-3.0-beta12/Pebble/aplite/lib/libpebble.a(tmpl57WfEpebble.o)
 .text.app_message_register_outbox_sent
                0x0000000000000000        0xc /home/will/pebble-dev/PebbleSDK-3.0-beta12/Pebble/aplite/lib/libpebble.a(tmpl57WfEpebble.o)
 .text.app_message_set_context
                0x0000000000000000        0xc /home/will/pebble-dev/PebbleSDK-3.0-beta12/Pebble/aplite/lib/libpebble.a(tmpl57WfEpebble.o)
 .text.window_long_click_subscribe
                0x0000000000000000        0xc /home/will/pebble-dev/PebbleSDK-3.0-beta12/Pebble/aplite/lib/libpebble.a(tmpl57WfEpebble.o)
 .text.window_multi_click_subscribe
                0x0000000000000000        0xc /home/will/pebble-dev/PebbleSDK-3.0-beta12/Pebble/aplite/lib/libpebble.a(tmpl57WfEpebble.o)
 .text.window_raw_click_subscribe
                0x0000000000000000        0xc /home/will/pebble-dev/PebbleSDK-3.0-beta12/Pebble/aplite/lib/libpebble.a(tmpl57WfEpebble.o)
 .text.window_set_click_context
                0x0000000000000000        0xc /home/will/pebble-dev/PebbleSDK-3.0-beta12/Pebble/aplite/lib/libpebble.a(tmpl57WfEpebble.o)
 .text.graphics_draw_text
                0x0000000000000000        0xc /home/will/pebble-dev/PebbleSDK-3.0-beta12/Pebble/aplite/lib/libpebble.a(tmpl57WfEpebble.o)
 .text.dict_serialize_tuplets_to_buffer
                0x0000000000000000        0xc /home/will/pebble-dev/PebbleSDK-3.0-beta12/Pebble/aplite/lib/libpebble.a(tmpl57WfEpebble.o)
 .text.persist_read_data
                0x0000000000000000        0xc /home/will/pebble-dev/PebbleSDK-3.0-beta12/Pebble/aplite/lib/libpebble.a(tmpl57WfEpebble.o)
 .text.persist_read_string
                0x0000000000000000        0xc /home/will/pebble-dev/PebbleSDK-3.0-beta12/Pebble/aplite/lib/libpebble.a(tmpl57WfEpebble.o)
 .text.persist_write_data
                0x0000000000000000        0xc /home/will/pebble-dev/PebbleSDK-3.0-beta12/Pebble/aplite/lib/libpebble.a(tmpl57WfEpebble.o)
 .text.dict_size
                0x0000000000000000        0xc /home/will/pebble-dev/PebbleSDK-3.0-beta12/Pebble/aplite/lib/libpebble.a(tmpl57WfEpebble.o)
 .text.graphics_text_layout_get_content_size
                0x0000000000000000        0xc /home/will/pebble-dev/PebbleSDK-3.0-beta12/Pebble/aplite/lib/libpebble.a(tmpl57WfEpebble.o)
 .text.simple_menu_layer_get_menu_layer
                0x0000000000000000        0xc /home/will/pebble-dev/PebbleSDK-3.0-beta12/Pebble/aplite/lib/libpebble.a(tmpl57WfEpebble.o)
 .text.accel_data_service_subscribe
                0x0000000000000000        0xc /home/will/pebble-dev/PebbleSDK-3.0-beta12/Pebble/aplite/lib/libpebble.a(tmpl57WfEpebble.o)
 .text.calloc   0x0000000000000000        0xc /home/will/pebble-dev/PebbleSDK-3.0-beta12/Pebble/aplite/lib/libpebble.a(tmpl57WfEpebble.o)
 .text.bitmap_layer_get_bitmap
                0x0000000000000000        0xc /home/will/pebble-dev/PebbleSDK-3.0-beta12/Pebble/aplite/lib/libpebble.a(tmpl57WfEpebble.o)
 .text.menu_layer_set_callbacks
                0x0000000000000000        0xc /home/will/pebble-dev/PebbleSDK-3.0-beta12/Pebble/aplite/lib/libpebble.a(tmpl57WfEpebble.o)
 .text.window_get_click_config_context
                0x0000000000000000        0xc /home/will/pebble-dev/PebbleSDK-3.0-beta12/Pebble/aplite/lib/libpebble.a(tmpl57WfEpebble.o)
 .text.number_window_get_window
                0x0000000000000000        0xc /home/will/pebble-dev/PebbleSDK-3.0-beta12/Pebble/aplite/lib/libpebble.a(tmpl57WfEpebble.o)
 .text.realloc  0x0000000000000000        0xc /home/will/pebble-dev/PebbleSDK-3.0-beta12/Pebble/aplite/lib/libpebble.a(tmpl57WfEpebble.o)
 .text.__gbitmap_create_blank
                0x0000000000000000        0xc /home/will/pebble-dev/PebbleSDK-3.0-beta12/Pebble/aplite/lib/libpebble.a(tmpl57WfEpebble.o)
 .text.click_recognizer_is_repeating
                0x0000000000000000        0xc /home/will/pebble-dev/PebbleSDK-3.0-beta12/Pebble/aplite/lib/libpebble.a(tmpl57WfEpebble.o)
 .text.accel_raw_data_service_subscribe
                0x0000000000000000        0xc /home/will/pebble-dev/PebbleSDK-3.0-beta12/Pebble/aplite/lib/libpebble.a(tmpl57WfEpebble.o)
 .text.app_worker_is_running
                0x0000000000000000        0xc /home/will/pebble-dev/PebbleSDK-3.0-beta12/Pebble/aplite/lib/libpebble.a(tmpl57WfEpebble.o)
 .text.app_worker_kill
                0x0000000000000000        0xc /home/will/pebble-dev/PebbleSDK-3.0-beta12/Pebble/aplite/lib/libpebble.a(tmpl57WfEpebble.o)
 .text.app_worker_launch
                0x0000000000000000        0xc /home/will/pebble-dev/PebbleSDK-3.0-beta12/Pebble/aplite/lib/libpebble.a(tmpl57WfEpebble.o)
 .text.app_worker_message_subscribe
                0x0000000000000000        0xc /home/will/pebble-dev/PebbleSDK-3.0-beta12/Pebble/aplite/lib/libpebble.a(tmpl57WfEpebble.o)
 .text.app_worker_message_unsubscribe
                0x0000000000000000        0xc /home/will/pebble-dev/PebbleSDK-3.0-beta12/Pebble/aplite/lib/libpebble.a(tmpl57WfEpebble.o)
 .text.app_worker_send_message
                0x0000000000000000        0xc /home/will/pebble-dev/PebbleSDK-3.0-beta12/Pebble/aplite/lib/libpebble.a(tmpl57WfEpebble.o)
 .text.worker_event_loop
                0x0000000000000000        0xc /home/will/pebble-dev/PebbleSDK-3.0-beta12/Pebble/aplite/lib/libpebble.a(tmpl57WfEpebble.o)
 .text.worker_launch_app
                0x0000000000000000        0xc /home/will/pebble-dev/PebbleSDK-3.0-beta12/Pebble/aplite/lib/libpebble.a(tmpl57WfEpebble.o)
 .text.heap_bytes_free
                0x0000000000000000        0xc /home/will/pebble-dev/PebbleSDK-3.0-beta12/Pebble/aplite/lib/libpebble.a(tmpl57WfEpebble.o)
 .text.heap_bytes_used
                0x0000000000000000        0xc /home/will/pebble-dev/PebbleSDK-3.0-beta12/Pebble/aplite/lib/libpebble.a(tmpl57WfEpebble.o)
 .text.compass_service_peek
                0x0000000000000000        0xc /home/will/pebble-dev/PebbleSDK-3.0-beta12/Pebble/aplite/lib/libpebble.a(tmpl57WfEpebble.o)
 .text.compass_service_set_heading_filter
                0x0000000000000000        0xc /home/will/pebble-dev/PebbleSDK-3.0-beta12/Pebble/aplite/lib/libpebble.a(tmpl57WfEpebble.o)
 .text.compass_service_subscribe
                0x0000000000000000        0xc /home/will/pebble-dev/PebbleSDK-3.0-beta12/Pebble/aplite/lib/libpebble.a(tmpl57WfEpebble.o)
 .text.compass_service_unsubscribe
                0x0000000000000000        0xc /home/will/pebble-dev/PebbleSDK-3.0-beta12/Pebble/aplite/lib/libpebble.a(tmpl57WfEpebble.o)
 .text.uuid_equal
                0x0000000000000000        0xc /home/will/pebble-dev/PebbleSDK-3.0-beta12/Pebble/aplite/lib/libpebble.a(tmpl57WfEpebble.o)
 .text.uuid_to_string
                0x0000000000000000        0xc /home/will/pebble-dev/PebbleSDK-3.0-beta12/Pebble/aplite/lib/libpebble.a(tmpl57WfEpebble.o)
 .text.gpath_draw_filled
                0x0000000000000000        0xc /home/will/pebble-dev/PebbleSDK-3.0-beta12/Pebble/aplite/lib/libpebble.a(tmpl57WfEpebble.o)
 .text.animation_set_custom_curve
                0x0000000000000000        0xc /home/will/pebble-dev/PebbleSDK-3.0-beta12/Pebble/aplite/lib/libpebble.a(tmpl57WfEpebble.o)
 .text.watch_info_get_color
                0x0000000000000000        0xc /home/will/pebble-dev/PebbleSDK-3.0-beta12/Pebble/aplite/lib/libpebble.a(tmpl57WfEpebble.o)
 .text.watch_info_get_firmware_version
                0x0000000000000000        0xc /home/will/pebble-dev/PebbleSDK-3.0-beta12/Pebble/aplite/lib/libpebble.a(tmpl57WfEpebble.o)
 .text.watch_info_get_model
                0x0000000000000000        0xc /home/will/pebble-dev/PebbleSDK-3.0-beta12/Pebble/aplite/lib/libpebble.a(tmpl57WfEpebble.o)
 .text.graphics_capture_frame_buffer
                0x0000000000000000        0xc /home/will/pebble-dev/PebbleSDK-3.0-beta12/Pebble/aplite/lib/libpebble.a(tmpl57WfEpebble.o)
 .text.graphics_frame_buffer_is_captured
                0x0000000000000000        0xc /home/will/pebble-dev/PebbleSDK-3.0-beta12/Pebble/aplite/lib/libpebble.a(tmpl57WfEpebble.o)
 .text.graphics_release_frame_buffer
                0x0000000000000000        0xc /home/will/pebble-dev/PebbleSDK-3.0-beta12/Pebble/aplite/lib/libpebble.a(tmpl57WfEpebble.o)
 .text.clock_to_timestamp
                0x0000000000000000        0xc /home/will/pebble-dev/PebbleSDK-3.0-beta12/Pebble/aplite/lib/libpebble.a(tmpl57WfEpebble.o)
 .text.launch_reason
                0x0000000000000000        0xc /home/will/pebble-dev/PebbleSDK-3.0-beta12/Pebble/aplite/lib/libpebble.a(tmpl57WfEpebble.o)
 .text.wakeup_cancel
                0x0000000000000000        0xc /home/will/pebble-dev/PebbleSDK-3.0-beta12/Pebble/aplite/lib/libpebble.a(tmpl57WfEpebble.o)
 .text.wakeup_cancel_all
                0x0000000000000000        0xc /home/will/pebble-dev/PebbleSDK-3.0-beta12/Pebble/aplite/lib/libpebble.a(tmpl57WfEpebble.o)
 .text.wakeup_get_launch_event
                0x0000000000000000        0xc /home/will/pebble-dev/PebbleSDK-3.0-beta12/Pebble/aplite/lib/libpebble.a(tmpl57WfEpebble.o)
 .text.wakeup_query
                0x0000000000000000        0xc /home/will/pebble-dev/PebbleSDK-3.0-beta12/Pebble/aplite/lib/libpebble.a(tmpl57WfEpebble.o)
 .text.wakeup_schedule
                0x0000000000000000        0xc /home/will/pebble-dev/PebbleSDK-3.0-beta12/Pebble/aplite/lib/libpebble.a(tmpl57WfEpebble.o)
 .text.wakeup_service_subscribe
                0x0000000000000000        0xc /home/will/pebble-dev/PebbleSDK-3.0-beta12/Pebble/aplite/lib/libpebble.a(tmpl57WfEpebble.o)
 .text.clock_is_timezone_set
                0x0000000000000000        0xc /home/will/pebble-dev/PebbleSDK-3.0-beta12/Pebble/aplite/lib/libpebble.a(tmpl57WfEpebble.o)
 .text.i18n_get_system_locale
                0x0000000000000000        0xc /home/will/pebble-dev/PebbleSDK-3.0-beta12/Pebble/aplite/lib/libpebble.a(tmpl57WfEpebble.o)
 .text._localeconv_r
                0x0000000000000000        0xc /home/will/pebble-dev/PebbleSDK-3.0-beta12/Pebble/aplite/lib/libpebble.a(tmpl57WfEpebble.o)
 .text.setlocale
                0x0000000000000000        0xc /home/will/pebble-dev/PebbleSDK-3.0-beta12/Pebble/aplite/lib/libpebble.a(tmpl57WfEpebble.o)
 .text.mktime   0x0000000000000000        0xc /home/will/pebble-dev/PebbleSDK-3.0-beta12/Pebble/aplite/lib/libpebble.a(tmpl57WfEpebble.o)
 .text          0x0000000000000000        0x0 /home/will/pebble-dev/PebbleSDK-3.0-beta12/arm-cs-tools/bin/../lib/gcc/arm-none-eabi/4.7.2/thumb2/crtend.o
 .bss           0x0000000000000000        0x0 /home/will/pebble-dev/PebbleSDK-3.0-beta12/arm-cs-tools/bin/../lib/gcc/arm-none-eabi/4.7.2/thumb2/crtend.o
 .eh_frame      0x0000000000000000        0x4 /home/will/pebble-dev/PebbleSDK-3.0-beta12/arm-cs-tools/bin/../lib/gcc/arm-none-eabi/4.7.2/thumb2/crtend.o
 .jcr           0x0000000000000000        0x4 /home/will/pebble-dev/PebbleSDK-3.0-beta12/arm-cs-tools/bin/../lib/gcc/arm-none-eabi/4.7.2/thumb2/crtend.o
 .tm_clone_table
                0x0000000000000000        0x0 /home/will/pebble-dev/PebbleSDK-3.0-beta12/arm-cs-tools/bin/../lib/gcc/arm-none-eabi/4.7.2/thumb2/crtend.o
 .text          0x0000000000000000        0x0 /home/will/pebble-dev/PebbleSDK-3.0-beta12/arm-cs-tools/bin/../lib/gcc/arm-none-eabi/4.7.2/thumb2/crtn.o
 .bss           0x0000000000000000        0x0 /home/will/pebble-dev/PebbleSDK-3.0-beta12/arm-cs-tools/bin/../lib/gcc/arm-none-eabi/4.7.2/thumb2/crtn.o
 .init          0x0000000000000000        0x8 /home/will/pebble-dev/PebbleSDK-3.0-beta12/arm-cs-tools/bin/../lib/gcc/arm-none-eabi/4.7.2/thumb2/crtn.o
 .fini          0x0000000000000000        0x8 /home/will/pebble-dev/PebbleSDK-3.0-beta12/arm-cs-tools/bin/../lib/gcc/arm-none-eabi/4.7.2/thumb2/crtn.o

Memory Configuration

Name             Origin             Length             Attributes
APP              0x0000000000000000 0x0000000000006000 xrw
*default*        0x0000000000000000 0xffffffffffffffff

Linker script and memory map

LOAD /home/will/pebble-dev/PebbleSDK-3.0-beta12/arm-cs-tools/bin/../lib/gcc/arm-none-eabi/4.7.2/thumb2/crti.o
LOAD /home/will/pebble-dev/PebbleSDK-3.0-beta12/arm-cs-tools/bin/../lib/gcc/arm-none-eabi/4.7.2/thumb2/crtbegin.o
LOAD src/pebble-breakout.c.22.o
LOAD aplite/appinfo.auto.c.22.o
LOAD /home/will/pebble-dev/PebbleSDK-3.0-beta12/Pebble/aplite/lib/libpebble.a
START GROUP
LOAD /home/will/pebble-dev/PebbleSDK-3.0-beta12/arm-cs-tools/bin/../lib/gcc/arm-none-eabi/4.7.2/thumb2/libgcc.a
LOAD /home/will/pebble-dev/PebbleSDK-3.0-beta12/arm-cs-tools/bin/../lib/gcc/arm-none-eabi/4.7.2/../../../../arm-none-eabi/lib/thumb2/libc.a
END GROUP
LOAD /home/will/pebble-dev/PebbleSDK-3.0-beta12/arm-cs-tools/bin/../lib/gcc/arm-none-eabi/4.7.2/thumb2/crtend.o
LOAD /home/will/pebble-dev/PebbleSDK-3.0-beta12/arm-cs-tools/bin/../lib/gcc/arm-none-eabi/4.7.2/thumb2/crtn.o

.header         0x0000000000000000       0x82
 *(.pbl_header)
 .pbl_header    0x0000000000000000       0x82 aplite/appinfo.auto.c.22.o
                0x0000000000000000                __pbl_app_info

.note.gnu.build-id
                0x0000000000000082       0x26
                0x0000000000000082                PROVIDE (BUILD_ID, .)
 *(.note.gnu.build-id)
 *fill*         0x0000000000000082        0x2 
 .note.gnu.build-id
                0x0000000000000084       0x24 linker stubs

.text           0x00000000000000a8      0xadf
 *(.text)
 .text          0x00000000000000a8       0x14 /home/will/pebble-dev/PebbleSDK-3.0-beta12/Pebble/aplite/lib/libpebble.a(tmpl57WfEpebble.o)
 *(.text.*)
 .text.ball_reflection
                0x00000000000000bc      0x32c src/pebble-breakout.c.22.o
 .text.next_animation
                0x00000000000003e8       0xa4 src/pebble-breakout.c.22.o
 .text.select_click_handler
                0x000000000000048c       0x18 src/pebble-breakout.c.22.o
 .text.window_unload
                0x00000000000004a4       0x10 src/pebble-breakout.c.22.o
 .text.window_load
                0x00000000000004b4      0x1b8 src/pebble-breakout.c.22.o
 .text.block_layer_draw
                0x000000000000066c       0x2e src/pebble-breakout.c.22.o
 .text.paddle_layer_draw
                0x000000000000069a       0x30 src/pebble-breakout.c.22.o
 .text.ball_layer_draw
                0x00000000000006ca       0x34 src/pebble-breakout.c.22.o
 *fill*         0x00000000000006fe        0x2 
 .text.click_config_provider
                0x0000000000000700       0x34 src/pebble-breakout.c.22.o
 .text.move_paddle
                0x0000000000000734       0x40 src/pebble-breakout.c.22.o
 .text.bot_btn_rep_handler
                0x0000000000000774       0x44 src/pebble-breakout.c.22.o
 .text.top_btn_rep_handler
                0x00000000000007b8       0x48 src/pebble-breakout.c.22.o
 .text.anim_stopped_handler
                0x0000000000000800       0x60 src/pebble-breakout.c.22.o
 .text.startup.main
                0x0000000000000860       0x98 src/pebble-breakout.c.22.o
                0x0000000000000860                main
 .text.animation_schedule
                0x00000000000008f8        0xc /home/will/pebble-dev/PebbleSDK-3.0-beta12/Pebble/aplite/lib/libpebble.a(tmpl57WfEpebble.o)
                0x00000000000008f8                animation_schedule
 .text.animation_set_curve
                0x0000000000000904        0xc /home/will/pebble-dev/PebbleSDK-3.0-beta12/Pebble/aplite/lib/libpebble.a(tmpl57WfEpebble.o)
                0x0000000000000904                animation_set_curve
 .text.animation_set_delay
                0x0000000000000910        0xc /home/will/pebble-dev/PebbleSDK-3.0-beta12/Pebble/aplite/lib/libpebble.a(tmpl57WfEpebble.o)
                0x0000000000000910                animation_set_delay
 .text.animation_set_duration
                0x000000000000091c        0xc /home/will/pebble-dev/PebbleSDK-3.0-beta12/Pebble/aplite/lib/libpebble.a(tmpl57WfEpebble.o)
                0x000000000000091c                animation_set_duration
 .text.animation_set_handlers
                0x0000000000000928        0xc /home/will/pebble-dev/PebbleSDK-3.0-beta12/Pebble/aplite/lib/libpebble.a(tmpl57WfEpebble.o)
                0x0000000000000928                animation_set_handlers
 .text.animation_unschedule_all
                0x0000000000000934        0xc /home/will/pebble-dev/PebbleSDK-3.0-beta12/Pebble/aplite/lib/libpebble.a(tmpl57WfEpebble.o)
                0x0000000000000934                animation_unschedule_all
 .text.app_event_loop
                0x0000000000000940        0xc /home/will/pebble-dev/PebbleSDK-3.0-beta12/Pebble/aplite/lib/libpebble.a(tmpl57WfEpebble.o)
                0x0000000000000940                app_event_loop
 .text.app_log  0x000000000000094c        0xc /home/will/pebble-dev/PebbleSDK-3.0-beta12/Pebble/aplite/lib/libpebble.a(tmpl57WfEpebble.o)
                0x000000000000094c                app_log
 .text.click_number_of_clicks_counted
                0x0000000000000958        0xc /home/will/pebble-dev/PebbleSDK-3.0-beta12/Pebble/aplite/lib/libpebble.a(tmpl57WfEpebble.o)
                0x0000000000000958                click_number_of_clicks_counted
 .text.cos_lookup
                0x0000000000000964        0xc /home/will/pebble-dev/PebbleSDK-3.0-beta12/Pebble/aplite/lib/libpebble.a(tmpl57WfEpebble.o)
                0x0000000000000964                cos_lookup
 .text.free     0x0000000000000970        0xc /home/will/pebble-dev/PebbleSDK-3.0-beta12/Pebble/aplite/lib/libpebble.a(tmpl57WfEpebble.o)
                0x0000000000000970                free
 .text.graphics_context_set_fill_color
                0x000000000000097c        0xc /home/will/pebble-dev/PebbleSDK-3.0-beta12/Pebble/aplite/lib/libpebble.a(tmpl57WfEpebble.o)
                0x000000000000097c                graphics_context_set_fill_color
 .text.graphics_fill_circle
                0x0000000000000988        0xc /home/will/pebble-dev/PebbleSDK-3.0-beta12/Pebble/aplite/lib/libpebble.a(tmpl57WfEpebble.o)
                0x0000000000000988                graphics_fill_circle
 .text.graphics_fill_rect
                0x0000000000000994        0xc /home/will/pebble-dev/PebbleSDK-3.0-beta12/Pebble/aplite/lib/libpebble.a(tmpl57WfEpebble.o)
                0x0000000000000994                graphics_fill_rect
 .text.layer_add_child
                0x00000000000009a0        0xc /home/will/pebble-dev/PebbleSDK-3.0-beta12/Pebble/aplite/lib/libpebble.a(tmpl57WfEpebble.o)
                0x00000000000009a0                layer_add_child
 .text.layer_create
                0x00000000000009ac        0xc /home/will/pebble-dev/PebbleSDK-3.0-beta12/Pebble/aplite/lib/libpebble.a(tmpl57WfEpebble.o)
                0x00000000000009ac                layer_create
 .text.layer_create_with_data
                0x00000000000009b8        0xc /home/will/pebble-dev/PebbleSDK-3.0-beta12/Pebble/aplite/lib/libpebble.a(tmpl57WfEpebble.o)
                0x00000000000009b8                layer_create_with_data
 .text.layer_destroy
                0x00000000000009c4        0xc /home/will/pebble-dev/PebbleSDK-3.0-beta12/Pebble/aplite/lib/libpebble.a(tmpl57WfEpebble.o)
                0x00000000000009c4                layer_destroy
 .text.layer_get_bounds
                0x00000000000009d0        0xc /home/will/pebble-dev/PebbleSDK-3.0-beta12/Pebble/aplite/lib/libpebble.a(tmpl57WfEpebble.o)
                0x00000000000009d0                layer_get_bounds
 .text.layer_get_data
                0x00000000000009dc        0xc /home/will/pebble-dev/PebbleSDK-3.0-beta12/Pebble/aplite/lib/libpebble.a(tmpl57WfEpebble.o)
                0x00000000000009dc                layer_get_data
 .text.layer_get_frame
                0x00000000000009e8        0xc /home/will/pebble-dev/PebbleSDK-3.0-beta12/Pebble/aplite/lib/libpebble.a(tmpl57WfEpebble.o)
                0x00000000000009e8                layer_get_frame
 .text.layer_mark_dirty
                0x00000000000009f4        0xc /home/will/pebble-dev/PebbleSDK-3.0-beta12/Pebble/aplite/lib/libpebble.a(tmpl57WfEpebble.o)
                0x00000000000009f4                layer_mark_dirty
 .text.layer_set_frame
                0x0000000000000a00        0xc /home/will/pebble-dev/PebbleSDK-3.0-beta12/Pebble/aplite/lib/libpebble.a(tmpl57WfEpebble.o)
                0x0000000000000a00                layer_set_frame
 .text.layer_set_update_proc
                0x0000000000000a0c        0xc /home/will/pebble-dev/PebbleSDK-3.0-beta12/Pebble/aplite/lib/libpebble.a(tmpl57WfEpebble.o)
                0x0000000000000a0c                layer_set_update_proc
 .text.malloc   0x0000000000000a18        0xc /home/will/pebble-dev/PebbleSDK-3.0-beta12/Pebble/aplite/lib/libpebble.a(tmpl57WfEpebble.o)
                0x0000000000000a18                malloc
 .text.memset   0x0000000000000a24        0xc /home/will/pebble-dev/PebbleSDK-3.0-beta12/Pebble/aplite/lib/libpebble.a(tmpl57WfEpebble.o)
                0x0000000000000a24                memset
 .text.property_animation_create_layer_frame
                0x0000000000000a30        0xc /home/will/pebble-dev/PebbleSDK-3.0-beta12/Pebble/aplite/lib/libpebble.a(tmpl57WfEpebble.o)
                0x0000000000000a30                property_animation_create_layer_frame
 .text.property_animation_destroy
                0x0000000000000a3c        0xc /home/will/pebble-dev/PebbleSDK-3.0-beta12/Pebble/aplite/lib/libpebble.a(tmpl57WfEpebble.o)
                0x0000000000000a3c                property_animation_destroy
 .text.resource_get_handle
                0x0000000000000a48        0xc /home/will/pebble-dev/PebbleSDK-3.0-beta12/Pebble/aplite/lib/libpebble.a(tmpl57WfEpebble.o)
                0x0000000000000a48                resource_get_handle
 .text.resource_load
                0x0000000000000a54        0xc /home/will/pebble-dev/PebbleSDK-3.0-beta12/Pebble/aplite/lib/libpebble.a(tmpl57WfEpebble.o)
                0x0000000000000a54                resource_load
 .text.resource_size
                0x0000000000000a60        0xc /home/will/pebble-dev/PebbleSDK-3.0-beta12/Pebble/aplite/lib/libpebble.a(tmpl57WfEpebble.o)
                0x0000000000000a60                resource_size
 .text.sin_lookup
                0x0000000000000a6c        0xc /home/will/pebble-dev/PebbleSDK-3.0-beta12/Pebble/aplite/lib/libpebble.a(tmpl57WfEpebble.o)
                0x0000000000000a6c                sin_lookup
 .text.text_layer_create
                0x0000000000000a78        0xc /home/will/pebble-dev/PebbleSDK-3.0-beta12/Pebble/aplite/lib/libpebble.a(tmpl57WfEpebble.o)
                0x0000000000000a78                text_layer_create
 .text.text_layer_get_layer
                0x0000000000000a84        0xc /home/will/pebble-dev/PebbleSDK-3.0-beta12/Pebble/aplite/lib/libpebble.a(tmpl57WfEpebble.o)
                0x0000000000000a84                text_layer_get_layer
 .text.text_layer_set_text
                0x0000000000000a90        0xc /home/will/pebble-dev/PebbleSDK-3.0-beta12/Pebble/aplite/lib/libpebble.a(tmpl57WfEpebble.o)
                0x0000000000000a90                text_layer_set_text
 .text.text_layer_set_text_alignment
                0x0000000000000a9c        0xc /home/will/pebble-dev/PebbleSDK-3.0-beta12/Pebble/aplite/lib/libpebble.a(tmpl57WfEpebble.o)
                0x0000000000000a9c                text_layer_set_text_alignment
 .text.window_create
                0x0000000000000aa8        0xc /home/will/pebble-dev/PebbleSDK-3.0-beta12/Pebble/aplite/lib/libpebble.a(tmpl57WfEpebble.o)
                0x0000000000000aa8                window_create
 .text.window_destroy
                0x0000000000000ab4        0xc /home/will/pebble-dev/PebbleSDK-3.0-beta12/Pebble/aplite/lib/libpebble.a(tmpl57WfEpebble.o)
                0x0000000000000ab4                window_destroy
 .text.window_get_root_layer
                0x0000000000000ac0        0xc /home/will/pebble-dev/PebbleSDK-3.0-beta12/Pebble/aplite/lib/libpebble.a(tmpl57WfEpebble.o)
                0x0000000000000ac0                window_get_root_layer
 .text.window_set_click_config_provider
                0x0000000000000acc        0xc /home/will/pebble-dev/PebbleSDK-3.0-beta12/Pebble/aplite/lib/libpebble.a(tmpl57WfEpebble.o)
                0x0000000000000acc                window_set_click_config_provider
 .text.window_set_window_handlers
                0x0000000000000ad8        0xc /home/will/pebble-dev/PebbleSDK-3.0-beta12/Pebble/aplite/lib/libpebble.a(tmpl57WfEpebble.o)
                0x0000000000000ad8                window_set_window_handlers
 .text.window_stack_push
                0x0000000000000ae4        0xc /home/will/pebble-dev/PebbleSDK-3.0-beta12/Pebble/aplite/lib/libpebble.a(tmpl57WfEpebble.o)
                0x0000000000000ae4                window_stack_push
 .text.window_single_click_subscribe
                0x0000000000000af0        0xc /home/will/pebble-dev/PebbleSDK-3.0-beta12/Pebble/aplite/lib/libpebble.a(tmpl57WfEpebble.o)
                0x0000000000000af0                window_single_click_subscribe
 .text.window_single_repeating_click_subscribe
                0x0000000000000afc        0xc /home/will/pebble-dev/PebbleSDK-3.0-beta12/Pebble/aplite/lib/libpebble.a(tmpl57WfEpebble.o)
                0x0000000000000afc                window_single_repeating_click_subscribe
 *(.rodata)
 .rodata        0x0000000000000b08       0x18 src/pebble-breakout.c.22.o
 *(.rodata*)
 .rodata.str1.1
                0x0000000000000b20       0x67 src/pebble-breakout.c.22.o

.glue_7         0x0000000000000b88        0x0
 .glue_7        0x0000000000000000        0x0 linker stubs

.glue_7t        0x0000000000000b88        0x0
 .glue_7t       0x0000000000000000        0x0 linker stubs

.vfp11_veneer   0x0000000000000b88        0x0
 .vfp11_veneer  0x0000000000000000        0x0 linker stubs

.v4_bx          0x0000000000000b88        0x0
 .v4_bx         0x0000000000000000        0x0 linker stubs

.iplt           0x0000000000000b88        0x0
 .iplt          0x0000000000000000        0x0 /home/will/pebble-dev/PebbleSDK-3.0-beta12/arm-cs-tools/bin/../lib/gcc/arm-none-eabi/4.7.2/thumb2/crtbegin.o

.rel.dyn        0x0000000000000b88        0x0
 .rel.iplt      0x0000000000000000        0x0 /home/will/pebble-dev/PebbleSDK-3.0-beta12/arm-cs-tools/bin/../lib/gcc/arm-none-eabi/4.7.2/thumb2/crtbegin.o

.data           0x0000000000000b88        0x4
 *(.data)
 .data          0x0000000000000b88        0x0 /home/will/pebble-dev/PebbleSDK-3.0-beta12/arm-cs-tools/bin/../lib/gcc/arm-none-eabi/4.7.2/thumb2/crti.o
 .data          0x0000000000000b88        0x4 /home/will/pebble-dev/PebbleSDK-3.0-beta12/arm-cs-tools/bin/../lib/gcc/arm-none-eabi/4.7.2/thumb2/crtbegin.o
                0x0000000000000b88                __dso_handle
 .data          0x0000000000000b8c        0x0 src/pebble-breakout.c.22.o
 .data          0x0000000000000b8c        0x0 aplite/appinfo.auto.c.22.o
 .data          0x0000000000000b8c        0x0 /home/will/pebble-dev/PebbleSDK-3.0-beta12/Pebble/aplite/lib/libpebble.a(tmpl57WfEpebble.o)
 .data          0x0000000000000b8c        0x0 /home/will/pebble-dev/PebbleSDK-3.0-beta12/arm-cs-tools/bin/../lib/gcc/arm-none-eabi/4.7.2/thumb2/crtend.o
 .data          0x0000000000000b8c        0x0 /home/will/pebble-dev/PebbleSDK-3.0-beta12/arm-cs-tools/bin/../lib/gcc/arm-none-eabi/4.7.2/thumb2/crtn.o
 *(.data.*)

.igot.plt       0x0000000000000b8c        0x0
 .igot.plt      0x0000000000000000        0x0 /home/will/pebble-dev/PebbleSDK-3.0-beta12/arm-cs-tools/bin/../lib/gcc/arm-none-eabi/4.7.2/thumb2/crtbegin.o

.bss            0x0000000000000b8c       0x24
 *(.bss)
 *(.bss.*)
 .bss.s_text_layer
                0x0000000000000b8c        0x4 src/pebble-breakout.c.22.o
 .bss.s_ball_layer
                0x0000000000000b90        0x4 src/pebble-breakout.c.22.o
 .bss.s_block_layer_array
                0x0000000000000b94        0x4 src/pebble-breakout.c.22.o
 .bss.s_num_blocks
                0x0000000000000b98        0x2 src/pebble-breakout.c.22.o
 *fill*         0x0000000000000b9a        0x2 
 .bss.s_ball_animation
                0x0000000000000b9c        0x4 src/pebble-breakout.c.22.o
 .bss.s_paddle_layer
                0x0000000000000ba0        0x4 src/pebble-breakout.c.22.o
 .bss.s_main_layer
                0x0000000000000ba4        0x4 src/pebble-breakout.c.22.o
 .bss.s_paddle_velocity
                0x0000000000000ba8        0x2 src/pebble-breakout.c.22.o
 .bss.s_ball_dir_angle
                0x0000000000000baa        0x2 src/pebble-breakout.c.22.o
 .bss.s_main_window
                0x0000000000000bac        0x4 src/pebble-breakout.c.22.o

DISCARD
 libc.a(*)
 libm.a(*)
 libgcc.a(*)
 *(.eh_frame)
OUTPUT(/media/Shared_Data/Git_Hg/pebble-breakout/build/aplite/pebble-app.elf elf32-littlearm)

.ARM.attributes
                0x0000000000000000       0x27
 .ARM.attributes
                0x0000000000000000       0x19 /home/will/pebble-dev/PebbleSDK-3.0-beta12/arm-cs-tools/bin/../lib/gcc/arm-none-eabi/4.7.2/thumb2/crti.o
 .ARM.attributes
                0x0000000000000019       0x29 /home/will/pebble-dev/PebbleSDK-3.0-beta12/arm-cs-tools/bin/../lib/gcc/arm-none-eabi/4.7.2/thumb2/crtbegin.o
 .ARM.attributes
                0x0000000000000042       0x33 src/pebble-breakout.c.22.o
 .ARM.attributes
                0x0000000000000075       0x33 aplite/appinfo.auto.c.22.o
 .ARM.attributes
                0x00000000000000a8       0x21 /home/will/pebble-dev/PebbleSDK-3.0-beta12/Pebble/aplite/lib/libpebble.a(tmpl57WfEpebble.o)
 .ARM.attributes
                0x00000000000000c9       0x29 /home/will/pebble-dev/PebbleSDK-3.0-beta12/arm-cs-tools/bin/../lib/gcc/arm-none-eabi/4.7.2/thumb2/crtend.o
 .ARM.attributes
                0x00000000000000f2       0x19 /home/will/pebble-dev/PebbleSDK-3.0-beta12/arm-cs-tools/bin/../lib/gcc/arm-none-eabi/4.7.2/thumb2/crtn.o

.comment        0x0000000000000000       0x4e
 .comment       0x0000000000000000       0x4e /home/will/pebble-dev/PebbleSDK-3.0-beta12/arm-cs-tools/bin/../lib/gcc/arm-none-eabi/4.7.2/thumb2/crtbegin.o
                                         0x4f (size before relaxing)
 .comment       0x0000000000000000       0x4f src/pebble-breakout.c.22.o
 .comment       0x0000000000000000       0x4f aplite/appinfo.auto.c.22.o
 .comment       0x0000000000000000       0x4f /home/will/pebble-dev/PebbleSDK-3.0-beta12/arm-cs-tools/bin/../lib/gcc/arm-none-eabi/4.7.2/thumb2/crtend.o

.debug_info     0x0000000000000000     0x1c62
 .debug_info    0x0000000000000000     0x1954 src/pebble-breakout.c.22.o
 .debug_info    0x0000000000001954      0x30e aplite/appinfo.auto.c.22.o

.debug_abbrev   0x0000000000000000      0x52f
 .debug_abbrev  0x0000000000000000      0x491 src/pebble-breakout.c.22.o
 .debug_abbrev  0x0000000000000491       0x9e aplite/appinfo.auto.c.22.o

.debug_loc      0x0000000000000000      0x848
 .debug_loc     0x0000000000000000      0x848 src/pebble-breakout.c.22.o

.debug_aranges  0x0000000000000000       0xa0
 .debug_aranges
                0x0000000000000000       0x88 src/pebble-breakout.c.22.o
 .debug_aranges
                0x0000000000000088       0x18 aplite/appinfo.auto.c.22.o

.debug_ranges   0x0000000000000000      0x1c0
 .debug_ranges  0x0000000000000000      0x1c0 src/pebble-breakout.c.22.o

.debug_line     0x0000000000000000      0x61e
 .debug_line    0x0000000000000000      0x4e3 src/pebble-breakout.c.22.o
 .debug_line    0x00000000000004e3      0x13b aplite/appinfo.auto.c.22.o

.debug_str      0x0000000000000000      0xe7d
 .debug_str     0x0000000000000000      0xd12 src/pebble-breakout.c.22.o
                                        0xdf1 (size before relaxing)
 .debug_str     0x0000000000000d12      0x16b aplite/appinfo.auto.c.22.o
                                        0x2a1 (size before relaxing)

.debug_frame    0x0000000000000000      0x1a4
 .debug_frame   0x0000000000000000      0x1a4 src/pebble-breakout.c.22.o
